// Jest Snapshot v1, https://goo.gl/fbAQLP

exports[`utils.parseVersion 0 1`] = `"2.3.0"`;
